serial,paired,onesample,alternative,n_total,alpha,power,delta,alpha_est,power_est,delta_est,ncp,ncp_sen,df,note
1,FALSE,FALSE,two.sided,128,0.05,0.8,0.5,0.0494054,0.8014596,0.4990692,2.8284271,2.8231616,126,results-from-GPower
2,FALSE,FALSE,one.sided,102,0.05,0.8,0.5,0.0478888,0.8058986,0.4957609,2.5248762,2.50347,100,results-from-GPower
3,TRUE,FALSE,two.sided,27,0.025,0.95,0.8,0.0216632,0.9563378,0.7868369,4.1569219,4.0885246,26,results-from-GPower
4,TRUE,FALSE,one.sided,23,0.025,0.95,0.8,0.0221814,0.9558497,0.7869615,3.8366652,3.7741347,22,results-from-GPower
5,FALSE,TRUE,two.sided,27,0.025,0.95,0.8,0.0216632,0.9563378,0.7868369,4.1569219,4.0885246,26,results-from-GPower
6,FALSE,TRUE,one.sided,23,0.025,0.95,0.8,0.0221814,0.9558497,0.7869615,3.8366652,3.7741347,22,results-from-GPower
